[itemclickButtonBar(p)] ~ [] (23,1) Skip
[clickimg_(p)] ~ [] (o,0) Skip
[clickfind_phones(p)] ~ [] (8,0) Skip
[clickview_cart(p)] ~ [] (19,0) Skip
[clickback_thumb(p)] ~ [] (11,0) Skip
[clickdetails_(p)] ~ [] (22,0) Skip
[clickcamera_false(p);clickvideo_false(q)] ~ [clickvideo_false(q)] (64,0) Zero
[clickvideo_true(p);clickvideo_false(q)] ~ [clickvideo_false(q)] (83,0) Zero
[clickOK(p);clickvideo_false(q)] ~ [clickvideo_false(q)] (10,0) Zero
[clicktriband_false(p);clickvideo_false(q)] ~ [clickvideo_false(q)] (64,0) Zero
[changepriceSlider(p);clickvideo_false(q)] ~ [clickvideo_false(q)] (10,0) Zero
[clickvideo_false(p);clickcamera_false(q)] ~ [clickcamera_false(q)] (78,0) Zero
[clickvideo_true(p);clickcamera_false(q)] ~ [clickcamera_false(q)] (73,0) Zero
